// Jest Snapshot v1, https://goo.gl/fbAQLP

exports[`renders correctly 1`] = `
<RCTScrollView>
  <View>
    <View
      style={
        Object {
          "flex": 10,
        }
      }
    >
      <View
        accessible={true}
        focusable={true}
        onClick={[Function]}
        onResponderGrant={[Function]}
        onResponderMove={[Function]}
        onResponderRelease={[Function]}
        onResponderTerminate={[Function]}
        onResponderTerminationRequest={[Function]}
        onStartShouldSetResponder={[Function]}
        style={
          Object {
            "opacity": 1,
          }
        }
      >
        <Text>
          Open
        </Text>
      </View>
      <View
        style={
          Object {
            "backgroundColor": "rgba(0,0,0,.5)",
            "bottom": 0,
            "left": 0,
            "opacity": 0,
            "position": "absolute",
            "right": 0,
            "top": 0,
            "transform": Array [
              Object {
                "translateY": 1334,
              },
            ],
          }
        }
      >
        <View
          style={
            Array [
              Object {
                "height": "100%",
                "justifyContent": "flex-end",
                "left": 0,
                "position": "absolute",
                "right": 0,
                "top": 1334,
              },
            ]
          }
        >
          <View
            style={
              Object {
                "alignItems": "center",
                "backgroundColor": "#FFF",
                "borderTopLeftRadius": 5,
                "borderTopRightRadius": 5,
                "justifyContent": "center",
                "marginHorizontal": 10,
                "minHeight": 80,
                "transform": Array [
                  Object {
                    "translateY": 0,
                  },
                ],
              }
            }
          >
            <View
              accessible={true}
              focusable={true}
              onClick={[Function]}
              onResponderGrant={[Function]}
              onResponderMove={[Function]}
              onResponderRelease={[Function]}
              onResponderTerminate={[Function]}
              onResponderTerminationRequest={[Function]}
              onStartShouldSetResponder={[Function]}
              style={
                Object {
                  "opacity": 1,
                }
              }
            >
              <Text>
                Close
              </Text>
            </View>
            <View
              style={
                Object {
                  "height": 300,
                  "width": 200,
                }
              }
            >
              <Text>
                Good Morning
              </Text>
            </View>
          </View>
        </View>
      </View>
    </View>
  </View>
</RCTScrollView>
`;
